exports[`\"additionalData\" option > should as a function 1`] = `
"/* RelativePath: additional-data.styl; */\\nbody {\\n  color: #ff7f50;\\n}\\n.custom-class {\\n  background: #808080;\\n}\\n"
`;

exports[`\"additionalData\" option > should as a function 2`] = `
[]
`;

exports[`\"additionalData\" option > should as a function 3`] = `
[]
`;

exports[`\"additionalData\" option > should as an async function 1`] = `
"/* RelativePath: additional-data.styl; */\\nbody {\\n  color: #ff7f50;\\n}\\n.custom-class {\\n  background: #808080;\\n}\\n"
`;

exports[`\"additionalData\" option > should as an async function 2`] = `
[]
`;

exports[`\"additionalData\" option > should as an async function 3`] = `
[]
`;

exports[`\"additionalData\" option > should work as a string 1`] = `
"body {\\n  color: #ff7f50;\\n}\\n"
`;

exports[`\"additionalData\" option > should work as a string 2`] = `
[]
`;

exports[`\"additionalData\" option > should work as a string 3`] = `
[]
`;
