exports[`webpackImporter option > should throw an error on webpack import when value is \"false\" 1`] = `
[]
`;

exports[`webpackImporter option > should throw an error on webpack import when value is \"false\" 2`] = `
[
  "ModuleBuildError: Module build failed (from \`replaced original path\`):\\n/test/fixtures/import-webpack.styl:1:9"
]
`;

exports[`webpackImporter option > should work when value is \"false\" 1`] = `
".other {\\n  font-family: serif;\\n}\\n"
`;

exports[`webpackImporter option > should work when value is \"false\" 2`] = `
[]
`;

exports[`webpackImporter option > should work when value is \"false\" 3`] = `
[]
`;

exports[`webpackImporter option > should work when value is \"true\" 1`] = `
".imported-in-web-modules {\\n  font-size: 2em;\\n}\\n.imported-in-web-modules {\\n  font-size: 2em;\\n}\\n"
`;

exports[`webpackImporter option > should work when value is \"true\" 2`] = `
[]
`;

exports[`webpackImporter option > should work when value is \"true\" 3`] = `
[]
`;

exports[`webpackImporter option > should work when value is not specify 1`] = `
".imported-in-web-modules {\\n  font-size: 2em;\\n}\\n.imported-in-web-modules {\\n  font-size: 2em;\\n}\\n"
`;

exports[`webpackImporter option > should work when value is not specify 2`] = `
[]
`;

exports[`webpackImporter option > should work when value is not specify 3`] = `
[]
`;
